INFO:     Started server process [26032]
INFO:     Waiting for application startup.
INFO:     Application startup complete.
INFO:     Uvicorn running on http://127.0.0.1:8000 (Press CTRL+C to quit)
No valid base_url provided and INFRARED_BASE_URL env var not set; falling back to DEFAULT_BASE_URL (https://api.infrared.city/v2)
{
  "type": "https://httpstatuses.io/403",
  "title": "Forbidden",
  "status": 403,
  "detail": "Your subscription is not active. Please renew your subscription to regain access.",
  "errorCode": "SUBSCRIPTION_INACTIVE",
  "instance": "719b477a-2544-4122-bed8-336a9f0d5a88"
}
Tile 14ab8186-9648-56e4-a61b-85ed3cad8da0 failed with non-retryable error: Error 403 fetching buildings
Tile 14ab8186-9648-56e4-a61b-85ed3cad8da0 failed (1/1, 0.8s): Error 403 fetching buildings
No valid base_url provided and INFRARED_BASE_URL env var not set; falling back to DEFAULT_BASE_URL (https://api.infrared.city/v2)
{
  "type": "https://httpstatuses.io/403",
  "title": "Forbidden",
  "status": 403,
  "detail": "Your subscription is not active. Please renew your subscription to regain access.",
  "errorCode": "SUBSCRIPTION_INACTIVE",
  "instance": "d7f753ac-5d53-479d-afc3-91dd6d84459d"
}
Tile 2afb4588-521a-51d4-b50b-989683cc3281 failed with non-retryable error: Error 403 fetching buildings
Tile 2afb4588-521a-51d4-b50b-989683cc3281 failed (1/1, 0.5s): Error 403 fetching buildings
No valid base_url provided and INFRARED_BASE_URL env var not set; falling back to DEFAULT_BASE_URL (https://api.infrared.city/v2)
No valid base_url provided and INFRARED_BASE_URL env var not set; falling back to DEFAULT_BASE_URL (https://api.infrared.city/v2)
{
  "type": "https://httpstatuses.io/403",
  "title": "Forbidden",
  "status": 403,
  "detail": "Your subscription is not active. Please renew your subscription to regain access.",
  "errorCode": "SUBSCRIPTION_INACTIVE",
  "instance": "d8fc570d-cb17-4ed2-b7de-53278910186a"
}
Tile b627efe1-9f5b-525d-89e5-b191f6b48c6b failed with non-retryable error: Error 403 fetching buildings
Tile b627efe1-9f5b-525d-89e5-b191f6b48c6b failed (1/1, 0.6s): Error 403 fetching buildings
No valid base_url provided and INFRARED_BASE_URL env var not set; falling back to DEFAULT_BASE_URL (https://api.infrared.city/v2)
{
  "type": "https://httpstatuses.io/403",
  "title": "Forbidden",
  "status": 403,
  "detail": "Your subscription is not active. Please renew your subscription to regain access.",
  "errorCode": "SUBSCRIPTION_INACTIVE",
  "instance": "0013f0e1-6b1a-4238-9da6-89afa68bf2ca"
}
Tile b627efe1-9f5b-525d-89e5-b191f6b48c6b failed with non-retryable error: Error 403 fetching buildings
Tile b627efe1-9f5b-525d-89e5-b191f6b48c6b failed (1/1, 1.1s): Error 403 fetching buildings
No valid base_url provided and INFRARED_BASE_URL env var not set; falling back to DEFAULT_BASE_URL (https://api.infrared.city/v2)
{
  "type": "https://httpstatuses.io/403",
  "title": "Forbidden",
  "status": 403,
  "detail": "Your subscription is not active. Please renew your subscription to regain access.",
  "errorCode": "SUBSCRIPTION_INACTIVE",
  "instance": "4152a728-edd9-49ec-93dc-0b96a9cbee69"
}
Tile f07d4126-eaaf-5ebb-b89e-451f78995973 failed with non-retryable error: Error 403 fetching buildings
Tile f07d4126-eaaf-5ebb-b89e-451f78995973 failed (1/1, 0.5s): Error 403 fetching buildings
No valid base_url provided and INFRARED_BASE_URL env var not set; falling back to DEFAULT_BASE_URL (https://api.infrared.city/v2)
{
  "type": "https://httpstatuses.io/403",
  "title": "Forbidden",
  "status": 403,
  "detail": "Your subscription is not active. Please renew your subscription to regain access.",
  "errorCode": "SUBSCRIPTION_INACTIVE",
  "instance": "42c9d94f-2c8b-4eee-9cd9-9894a0d130d2"
}
Tile f07d4126-eaaf-5ebb-b89e-451f78995973 failed with non-retryable error: Error 403 fetching buildings
Tile f07d4126-eaaf-5ebb-b89e-451f78995973 failed (1/1, 0.6s): Error 403 fetching buildings
No valid base_url provided and INFRARED_BASE_URL env var not set; falling back to DEFAULT_BASE_URL (https://api.infrared.city/v2)
{
  "type": "https://httpstatuses.io/403",
  "title": "Forbidden",
  "status": 403,
  "detail": "Your subscription is not active. Please renew your subscription to regain access.",
  "errorCode": "SUBSCRIPTION_INACTIVE",
  "instance": "3b326c73-8af4-4e29-8b2d-2cc137c25631"
}
Tile 5e2a2fb6-f6cd-57be-a229-b0df77a463de failed with non-retryable error: Error 403 fetching buildings
Tile 5e2a2fb6-f6cd-57be-a229-b0df77a463de failed (1/1, 0.5s): Error 403 fetching buildings
{
  "type": "https://httpstatuses.io/403",
  "title": "Forbidden",
  "status": 403,
  "detail": "Your subscription is not active. Please renew your subscription to regain access.",
  "errorCode": "SUBSCRIPTION_INACTIVE",
  "instance": "eb9be4c4-ac12-4cc5-a508-5dac25db0385"
}
Tile 5e2a2fb6-f6cd-57be-a229-b0df77a463de failed with non-retryable error: Error 403 fetching buildings
Tile 5e2a2fb6-f6cd-57be-a229-b0df77a463de failed (1/1, 0.6s): Error 403 fetching buildings
